// Jest Snapshot v1, https://goo.gl/fbAQLP

exports[`User Endpoints POST /appointment/list should an array of times for a given provider 1`] = `
{
  "appointments": [
    1723680000000,
    1723680900000,
    1723681800000,
  ],
}
`;

exports[`User Endpoints POST /provider/times should create new time slots 1`] = `
{
  "appointments": [
    1723680000000,
    1723680900000,
    1723681800000,
  ],
}
`;
